127.0.0.1 - - [11/Mar/2024:09:30:50 +0630] "GET / HTTP/1.1" 404 994
0:0:0:0:0:0:0:1 - - [11/Mar/2024:09:30:51 +0630] "GET /storesystem/WEB-INF/classes/com/mit/storesystem/Utils/ConnectionDataSource.java HTTP/1.1" 404 992
0:0:0:0:0:0:0:1 - - [11/Mar/2024:09:30:51 +0630] "GET /favicon.ico HTTP/1.1" 404 1016
0:0:0:0:0:0:0:1 - - [11/Mar/2024:09:31:02 +0630] "GET /storesystem/store/invoice/getAllInvoiceData HTTP/1.1" 500 7282
0:0:0:0:0:0:0:1 - - [11/Mar/2024:09:37:16 +0630] "GET /storesystem/store/invoice/getAllInvoiceData HTTP/1.1" 500 7279
127.0.0.1 - - [11/Mar/2024:09:37:37 +0630] "GET / HTTP/1.1" 404 994
0:0:0:0:0:0:0:1 - - [11/Mar/2024:09:37:40 +0630] "GET /storesystem/store/invoice/getAllInvoiceData HTTP/1.1" 500 7279
0:0:0:0:0:0:0:1 - - [11/Mar/2024:09:40:31 +0630] "GET /storesystem/store/invoice/getAllInvoiceData HTTP/1.1" 500 7281
127.0.0.1 - - [11/Mar/2024:09:40:42 +0630] "GET / HTTP/1.1" 404 994
0:0:0:0:0:0:0:1 - - [11/Mar/2024:09:40:45 +0630] "GET /storesystem/store/invoice/getAllInvoiceData HTTP/1.1" 500 7281
0:0:0:0:0:0:0:1 - - [11/Mar/2024:09:42:05 +0630] "GET /storesystem/store/invoice/getAllInvoiceData HTTP/1.1" 200 652
127.0.0.1 - - [11/Mar/2024:09:42:23 +0630] "GET / HTTP/1.1" 404 994
0:0:0:0:0:0:0:1 - - [11/Mar/2024:09:42:33 +0630] "GET /storesystem/store/invoice/getAllInvoiceData HTTP/1.1" 200 652
0:0:0:0:0:0:0:1 - - [11/Mar/2024:09:42:35 +0630] "GET /storesystem/store/invoice/getAllInvoiceData HTTP/1.1" 200 652
0:0:0:0:0:0:0:1 - - [11/Mar/2024:10:04:11 +0630] "GET /storesystem/store/invoice/details/3 HTTP/1.1" 404 -
0:0:0:0:0:0:0:1 - - [11/Mar/2024:10:04:53 +0630] "GET /storesystem/store/invoice/details/3 HTTP/1.1" 404 -
0:0:0:0:0:0:0:1 - - [11/Mar/2024:10:04:59 +0630] "GET /storesystem/store/invoice/details/4 HTTP/1.1" 404 -
0:0:0:0:0:0:0:1 - - [11/Mar/2024:10:05:22 +0630] "GET /storesystem/store/invoice/details/4 HTTP/1.1" 404 -
0:0:0:0:0:0:0:1 - - [11/Mar/2024:10:07:09 +0630] "GET /storesystem/store/invoice/details/4 HTTP/1.1" 404 -
127.0.0.1 - - [11/Mar/2024:10:07:24 +0630] "GET / HTTP/1.1" 404 994
0:0:0:0:0:0:0:1 - - [11/Mar/2024:10:07:30 +0630] "GET /storesystem/store/invoice/details/4 HTTP/1.1" 404 -
0:0:0:0:0:0:0:1 - - [11/Mar/2024:10:07:32 +0630] "GET /storesystem/store/invoice/details/4 HTTP/1.1" 404 -
0:0:0:0:0:0:0:1 - - [11/Mar/2024:10:07:45 +0630] "GET /storesystem/store/invoice/details/4 HTTP/1.1" 404 -
127.0.0.1 - - [11/Mar/2024:10:08:12 +0630] "GET / HTTP/1.1" 404 994
0:0:0:0:0:0:0:1 - - [11/Mar/2024:10:08:17 +0630] "GET /storesystem/store/invoice/details/4 HTTP/1.1" 204 -
127.0.0.1 - - [11/Mar/2024:10:12:36 +0630] "GET / HTTP/1.1" 404 994
0:0:0:0:0:0:0:1 - - [11/Mar/2024:10:12:39 +0630] "GET /storesystem/store/invoice/details/4 HTTP/1.1" 200 172
127.0.0.1 - - [11/Mar/2024:10:28:29 +0630] "GET / HTTP/1.1" 404 994
127.0.0.1 - - [11/Mar/2024:10:28:44 +0630] "GET / HTTP/1.1" 404 994
0:0:0:0:0:0:0:1 - - [11/Mar/2024:10:29:26 +0630] "GET /storesystem/store/invoice/getAvailableInvoiceIds HTTP/1.1" 204 -
0:0:0:0:0:0:0:1 - - [11/Mar/2024:10:29:33 +0630] "GET /storesystem/store/invoice/getAvailableInvoiceIds HTTP/1.1" 204 -
127.0.0.1 - - [11/Mar/2024:10:31:45 +0630] "GET / HTTP/1.1" 404 994
0:0:0:0:0:0:0:1 - - [11/Mar/2024:10:31:48 +0630] "GET /storesystem/store/invoice/getAvailableInvoiceIds HTTP/1.1" 204 -
127.0.0.1 - - [11/Mar/2024:10:33:06 +0630] "GET / HTTP/1.1" 404 994
0:0:0:0:0:0:0:1 - - [11/Mar/2024:10:33:09 +0630] "GET /storesystem/store/invoice/getAvailableInvoiceIds HTTP/1.1" 204 -
127.0.0.1 - - [11/Mar/2024:10:35:19 +0630] "GET / HTTP/1.1" 404 994
0:0:0:0:0:0:0:1 - - [11/Mar/2024:10:35:21 +0630] "GET /storesystem/store/invoice/getAvailableInvoiceIds HTTP/1.1" 204 -
127.0.0.1 - - [11/Mar/2024:10:38:28 +0630] "GET / HTTP/1.1" 404 994
0:0:0:0:0:0:0:1 - - [11/Mar/2024:10:38:31 +0630] "GET /storesystem/store/invoice/getAvailableInvoiceIds HTTP/1.1" 200 122
0:0:0:0:0:0:0:1 - - [11/Mar/2024:11:31:11 +0630] "GET /storesystem/store/stock/view_stocks HTTP/1.1" 404 -
127.0.0.1 - - [11/Mar/2024:11:31:42 +0630] "GET / HTTP/1.1" 404 994
0:0:0:0:0:0:0:1 - - [11/Mar/2024:11:31:45 +0630] "GET /storesystem/store/stock/view_stocks HTTP/1.1" 200 490
127.0.0.1 - - [11/Mar/2024:11:59:39 +0630] "GET / HTTP/1.1" 404 994
0:0:0:0:0:0:0:1 - - [11/Mar/2024:11:59:51 +0630] "GET /storesystem/store/stock/details/3 HTTP/1.1" 200 125
127.0.0.1 - - [11/Mar/2024:13:30:56 +0630] "GET / HTTP/1.1" 404 994
0:0:0:0:0:0:0:1 - - [11/Mar/2024:13:31:37 +0630] "GET /storesystem/store/stock/getAvailableStockIds HTTP/1.1" 404 -
0:0:0:0:0:0:0:1 - - [11/Mar/2024:13:31:47 +0630] "GET /storesystem/store/stock/getAvailableStockIds HTTP/1.1" 404 -
127.0.0.1 - - [11/Mar/2024:13:32:34 +0630] "GET / HTTP/1.1" 404 994
0:0:0:0:0:0:0:1 - - [11/Mar/2024:13:32:35 +0630] "GET /storesystem/store/stock/getAvailableStockIds HTTP/1.1" 404 -
0:0:0:0:0:0:0:1 - - [11/Mar/2024:13:32:52 +0630] "GET /storesystem/store/stock/getAvilableStockIds HTTP/1.1" 200 271
127.0.0.1 - - [11/Mar/2024:13:33:08 +0630] "GET / HTTP/1.1" 404 994
0:0:0:0:0:0:0:1 - - [11/Mar/2024:13:33:08 +0630] "GET /storesystem/store/stock/getAvailableStockIds HTTP/1.1" 404 -
0:0:0:0:0:0:0:1 - - [11/Mar/2024:13:33:10 +0630] "GET /storesystem/store/stock/getAvailableStockIds HTTP/1.1" 404 -
0:0:0:0:0:0:0:1 - - [11/Mar/2024:13:33:19 +0630] "GET /storesystem/store/stock/getAvailableStockIds HTTP/1.1" 404 -
0:0:0:0:0:0:0:1 - - [11/Mar/2024:13:33:27 +0630] "GET /storesystem/store/stock/getAvailableStockIds HTTP/1.1" 404 -
127.0.0.1 - - [11/Mar/2024:13:33:44 +0630] "GET / HTTP/1.1" 404 994
0:0:0:0:0:0:0:1 - - [11/Mar/2024:13:33:47 +0630] "GET /storesystem/store/stock/getAvailableStockIds HTTP/1.1" 200 271
0:0:0:0:0:0:0:1 - - [11/Mar/2024:13:34:16 +0630] "GET /storesystem/store/stock/getAvailableStockIds HTTP/1.1" 200 271
0:0:0:0:0:0:0:1 - - [11/Mar/2024:13:37:50 +0630] "GET /storesystem/store/stock/getAvailableStockIds HTTP/1.1" 500 -
0:0:0:0:0:0:0:1 - - [11/Mar/2024:13:37:51 +0630] "GET /storesystem/store/stock/getAvailableStockIds HTTP/1.1" 500 -
127.0.0.1 - - [11/Mar/2024:13:43:05 +0630] "GET / HTTP/1.1" 404 994
0:0:0:0:0:0:0:1 - - [11/Mar/2024:13:43:08 +0630] "GET /storesystem/store/stock/getAvailableStockIds HTTP/1.1" 500 -
127.0.0.1 - - [11/Mar/2024:13:44:01 +0630] "GET / HTTP/1.1" 404 994
0:0:0:0:0:0:0:1 - - [11/Mar/2024:13:44:02 +0630] "GET /storesystem/store/stock/getAvailableStockIds HTTP/1.1" 500 4167
127.0.0.1 - - [11/Mar/2024:13:45:07 +0630] "GET / HTTP/1.1" 404 994
0:0:0:0:0:0:0:1 - - [11/Mar/2024:13:45:11 +0630] "GET /storesystem/store/stock/getAvailableStockIds HTTP/1.1" 500 -
0:0:0:0:0:0:0:1 - - [11/Mar/2024:13:47:53 +0630] "GET /storesystem/store/stock/getAvailableStockIds HTTP/1.1" 500 -
127.0.0.1 - - [11/Mar/2024:13:50:33 +0630] "GET / HTTP/1.1" 404 994
0:0:0:0:0:0:0:1 - - [11/Mar/2024:13:50:33 +0630] "GET /storesystem/store/stock/getAvailableStockIds HTTP/1.1" 500 4118
0:0:0:0:0:0:0:1 - - [11/Mar/2024:13:50:36 +0630] "GET /storesystem/store/stock/getAvailableStockIds HTTP/1.1" 500 4118
127.0.0.1 - - [11/Mar/2024:13:51:46 +0630] "GET / HTTP/1.1" 404 994
0:0:0:0:0:0:0:1 - - [11/Mar/2024:13:51:46 +0630] "GET /storesystem/store/stock/getAvailableStockIds HTTP/1.1" 500 4932
0:0:0:0:0:0:0:1 - - [11/Mar/2024:13:52:06 +0630] "GET /storesystem/store/stock/getAvailableStockIds HTTP/1.1" 500 4932
0:0:0:0:0:0:0:1 - - [11/Mar/2024:13:53:59 +0630] "GET /storesystem/store/stock/getAvailableStockIds HTTP/1.1" 500 4932
127.0.0.1 - - [11/Mar/2024:13:56:25 +0630] "GET / HTTP/1.1" 404 994
127.0.0.1 - - [11/Mar/2024:13:56:51 +0630] "GET / HTTP/1.1" 404 994
0:0:0:0:0:0:0:1 - - [11/Mar/2024:13:56:54 +0630] "GET /storesystem/store/stock/getAvailableStockIds HTTP/1.1" 200 271
0:0:0:0:0:0:0:1 - - [11/Mar/2024:13:57:00 +0630] "GET /storesystem/store/invoice/getAvailableInvoiceIds HTTP/1.1" 200 122
127.0.0.1 - - [11/Mar/2024:14:00:22 +0630] "GET / HTTP/1.1" 404 994
0:0:0:0:0:0:0:1 - - [11/Mar/2024:14:00:26 +0630] "GET /storesystem/store/stock/getAvailableStockIds HTTP/1.1" 200 271
127.0.0.1 - - [11/Mar/2024:14:02:24 +0630] "GET / HTTP/1.1" 404 994
0:0:0:0:0:0:0:1 - - [11/Mar/2024:14:02:26 +0630] "GET /storesystem/store/stock/getAvailableStockIds HTTP/1.1" 200 271
0:0:0:0:0:0:0:1 - - [11/Mar/2024:14:02:28 +0630] "GET /storesystem/store/stock/getAvailableStockIds HTTP/1.1" 200 271
127.0.0.1 - - [11/Mar/2024:14:03:58 +0630] "GET / HTTP/1.1" 404 994
0:0:0:0:0:0:0:1 - - [11/Mar/2024:14:04:01 +0630] "GET /storesystem/store/stock/getAvailableStockIds HTTP/1.1" 200 271
127.0.0.1 - - [11/Mar/2024:14:32:49 +0630] "GET / HTTP/1.1" 404 994
0:0:0:0:0:0:0:1 - - [11/Mar/2024:14:33:57 +0630] "GET /storesystem/store/stock/getInvoiceWithStockDetails HTTP/1.1" 404 -
0:0:0:0:0:0:0:1 - - [11/Mar/2024:14:34:04 +0630] "GET /storesystem/store/stock/getInvoiceWithStockDetails HTTP/1.1" 404 -
0:0:0:0:0:0:0:1 - - [11/Mar/2024:14:34:05 +0630] "GET /storesystem/store/invoce/getInvoiceWithStockDetails HTTP/1.1" 404 -
0:0:0:0:0:0:0:1 - - [11/Mar/2024:14:34:08 +0630] "GET /storesystem/store/invoice/getInvoiceWithStockDetails HTTP/1.1" 200 1278
127.0.0.1 - - [11/Mar/2024:15:00:07 +0630] "GET / HTTP/1.1" 404 994
0:0:0:0:0:0:0:1 - - [11/Mar/2024:15:00:29 +0630] "PUT /storesystem/store/invoice/gsoftDelete/2 HTTP/1.1" 404 -
127.0.0.1 - - [11/Mar/2024:15:00:46 +0630] "GET / HTTP/1.1" 404 994
0:0:0:0:0:0:0:1 - - [11/Mar/2024:15:00:51 +0630] "PUT /storesystem/store/invoice/softDelete/2 HTTP/1.1" 204 -
0:0:0:0:0:0:0:1 - - [11/Mar/2024:15:08:03 +0630] "GET /storesystem/store/invoice/details/4 HTTP/1.1" 500 6686
0:0:0:0:0:0:0:1 - - [11/Mar/2024:15:08:11 +0630] "GET /storesystem/store/invoice/details/3 HTTP/1.1" 500 6686
127.0.0.1 - - [11/Mar/2024:15:08:22 +0630] "GET / HTTP/1.1" 404 994
0:0:0:0:0:0:0:1 - - [11/Mar/2024:15:08:29 +0630] "GET /storesystem/store/invoice/details/3 HTTP/1.1" 500 6686
127.0.0.1 - - [11/Mar/2024:15:09:05 +0630] "GET / HTTP/1.1" 404 994
0:0:0:0:0:0:0:1 - - [11/Mar/2024:15:09:09 +0630] "GET /storesystem/store/invoice/details/3 HTTP/1.1" 200 173
0:0:0:0:0:0:0:1 - - [11/Mar/2024:15:09:16 +0630] "PUT /storesystem/store/invoice/softDelete/2 HTTP/1.1" 200 170
127.0.0.1 - - [11/Mar/2024:15:10:49 +0630] "GET / HTTP/1.1" 404 994
0:0:0:0:0:0:0:1 - - [11/Mar/2024:15:10:53 +0630] "PUT /storesystem/store/invoice/softDelete/2 HTTP/1.1" 200 190
0:0:0:0:0:0:0:1 - - [11/Mar/2024:15:10:56 +0630] "PUT /storesystem/store/invoice/softDelete/2 HTTP/1.1" 200 190
