127.0.0.1 - - [07/Mar/2024:15:57:22 +0630] "GET / HTTP/1.1" 404 994
0:0:0:0:0:0:0:1 - - [07/Mar/2024:15:57:26 +0630] "GET /myresource/text/plain HTTP/1.1" 404 1036
127.0.0.1 - - [07/Mar/2024:15:58:22 +0630] "GET / HTTP/1.1" 404 994
0:0:0:0:0:0:0:1 - - [07/Mar/2024:15:58:25 +0630] "GET /myresource/text/plain HTTP/1.1" 404 1036
127.0.0.1 - - [07/Mar/2024:16:03:35 +0630] "GET / HTTP/1.1" 404 994
0:0:0:0:0:0:0:1 - - [07/Mar/2024:16:03:38 +0630] "GET /myresource/text/plain HTTP/1.1" 404 1036
0:0:0:0:0:0:0:1 - - [07/Mar/2024:16:05:38 +0630] "GET /myresource/text/plain HTTP/1.1" 404 1036
0:0:0:0:0:0:0:1 - - [07/Mar/2024:16:05:43 +0630] "GET /myresource/text/plain HTTP/1.1" 404 1036
127.0.0.1 - - [07/Mar/2024:16:07:57 +0630] "GET / HTTP/1.1" 404 994
0:0:0:0:0:0:0:1 - - [07/Mar/2024:16:08:11 +0630] "GET /myresource/text/plain HTTP/1.1" 404 1036
0:0:0:0:0:0:0:1 - - [07/Mar/2024:16:08:11 +0630] "GET /favicon.ico HTTP/1.1" 404 1016
127.0.0.1 - - [07/Mar/2024:16:09:01 +0630] "GET / HTTP/1.1" 404 994
0:0:0:0:0:0:0:1 - - [07/Mar/2024:16:09:14 +0630] "GET /myresource/text/plain HTTP/1.1" 404 1036
0:0:0:0:0:0:0:1 - - [07/Mar/2024:16:09:17 +0630] "GET /myresource/text/plain HTTP/1.1" 404 1036
0:0:0:0:0:0:0:1 - - [07/Mar/2024:16:10:32 +0630] "GET /myResource/text/plain HTTP/1.1" 404 1036
0:0:0:0:0:0:0:1 - - [07/Mar/2024:16:10:34 +0630] "GET /myResource/text/plain HTTP/1.1" 404 1036
0:0:0:0:0:0:0:1 - - [07/Mar/2024:16:10:35 +0630] "GET /myResource/text/plain HTTP/1.1" 404 1036
0:0:0:0:0:0:0:1 - - [07/Mar/2024:16:11:12 +0630] "GET /myresource/page/testing HTTP/1.1" 404 1040
0:0:0:0:0:0:0:1 - - [07/Mar/2024:16:11:14 +0630] "GET /myresource/page/testing HTTP/1.1" 404 1040
127.0.0.1 - - [07/Mar/2024:16:12:30 +0630] "GET / HTTP/1.1" 404 994
0:0:0:0:0:0:0:1 - - [07/Mar/2024:16:12:33 +0630] "GET /myresource/page/testing HTTP/1.1" 404 1040
127.0.0.1 - - [07/Mar/2024:16:16:01 +0630] "GET / HTTP/1.1" 404 994
0:0:0:0:0:0:0:1 - - [07/Mar/2024:16:16:10 +0630] "GET /myresource/page/testing HTTP/1.1" 404 1040
0:0:0:0:0:0:0:1 - - [07/Mar/2024:16:16:11 +0630] "GET /myresource/page/testing HTTP/1.1" 404 1040
127.0.0.1 - - [07/Mar/2024:16:16:39 +0630] "GET / HTTP/1.1" 404 994
0:0:0:0:0:0:0:1 - - [07/Mar/2024:16:16:41 +0630] "GET /page/testing HTTP/1.1" 404 1018
127.0.0.1 - - [07/Mar/2024:16:18:57 +0630] "GET / HTTP/1.1" 404 994
0:0:0:0:0:0:0:1 - - [07/Mar/2024:16:19:16 +0630] "GET /myresource/text/plain HTTP/1.1" 404 1036
0:0:0:0:0:0:0:1 - - [07/Mar/2024:16:19:18 +0630] "GET /text/plain HTTP/1.1" 404 1014
0:0:0:0:0:0:0:1 - - [07/Mar/2024:16:19:24 +0630] "GET /testing HTTP/1.1" 404 1008
127.0.0.1 - - [07/Mar/2024:16:19:46 +0630] "GET / HTTP/1.1" 404 994
127.0.0.1 - - [07/Mar/2024:16:19:46 +0630] "GET / HTTP/1.1" 404 994
0:0:0:0:0:0:0:1 - - [07/Mar/2024:16:19:47 +0630] "GET /home/testing HTTP/1.1" 404 1018
0:0:0:0:0:0:0:1 - - [07/Mar/2024:16:19:48 +0630] "GET /home/testing HTTP/1.1" 404 1018
127.0.0.1 - - [07/Mar/2024:16:21:41 +0630] "GET / HTTP/1.1" 404 994
0:0:0:0:0:0:0:1 - - [07/Mar/2024:16:21:54 +0630] "GET /home/testing HTTP/1.1" 404 1018
127.0.0.1 - - [07/Mar/2024:16:28:46 +0630] "GET / HTTP/1.1" 404 994
0:0:0:0:0:0:0:1 - - [07/Mar/2024:16:28:48 +0630] "GET /home/testing1 HTTP/1.1" 404 1020
0:0:0:0:0:0:0:1 - - [07/Mar/2024:16:31:39 +0630] "GET /home/testing1 HTTP/1.1" 404 1020
127.0.0.1 - - [07/Mar/2024:16:34:30 +0630] "GET / HTTP/1.1" 404 994
0:0:0:0:0:0:0:1 - - [07/Mar/2024:16:34:31 +0630] "GET /storesystem/WEB-INF/classes/com/mit/storesystem/MyResource.java HTTP/1.1" 404 992
0:0:0:0:0:0:0:1 - - [07/Mar/2024:16:34:45 +0630] "GET /storesystem/WEB-INF/classes/com/mit/storesystem/MyResource.java HTTP/1.1" 404 992
0:0:0:0:0:0:0:1 - - [07/Mar/2024:16:35:09 +0630] "GET /home/testing1 HTTP/1.1" 404 1020
127.0.0.1 - - [07/Mar/2024:16:36:09 +0630] "GET / HTTP/1.1" 404 994
0:0:0:0:0:0:0:1 - - [07/Mar/2024:16:36:19 +0630] "GET /storesystem/WEB-INF/classes/com/mit/storesystem/MyResource.java HTTP/1.1" 404 992
0:0:0:0:0:0:0:1 - - [07/Mar/2024:16:36:20 +0630] "GET /storesystem/WEB-INF/classes/com/mit/storesystem/MyResource.java HTTP/1.1" 404 992
0:0:0:0:0:0:0:1 - - [07/Mar/2024:16:36:21 +0630] "GET /storesystem/WEB-INF/classes/com/mit/storesystem/MyResource.java HTTP/1.1" 404 992
0:0:0:0:0:0:0:1 - - [07/Mar/2024:16:36:22 +0630] "GET /storesystem/WEB-INF/classes/com/mit/storesystem/MyResource.java HTTP/1.1" 404 992
0:0:0:0:0:0:0:1 - - [07/Mar/2024:16:36:22 +0630] "GET /storesystem/WEB-INF/classes/com/mit/storesystem/MyResource.java HTTP/1.1" 404 992
127.0.0.1 - - [07/Mar/2024:16:36:37 +0630] "GET / HTTP/1.1" 404 994
0:0:0:0:0:0:0:1 - - [07/Mar/2024:16:36:43 +0630] "GET /home/testing1 HTTP/1.1" 404 1020
0:0:0:0:0:0:0:1 - - [07/Mar/2024:16:36:55 +0630] "GET /home/text/plain HTTP/1.1" 404 1024
127.0.0.1 - - [07/Mar/2024:16:37:09 +0630] "GET / HTTP/1.1" 404 994
0:0:0:0:0:0:0:1 - - [07/Mar/2024:16:37:13 +0630] "GET /home/text/plain HTTP/1.1" 404 1024
0:0:0:0:0:0:0:1 - - [07/Mar/2024:16:37:31 +0630] "GET /home/text/plain HTTP/1.1" 404 1024
127.0.0.1 - - [07/Mar/2024:16:38:34 +0630] "GET / HTTP/1.1" 404 994
0:0:0:0:0:0:0:1 - - [07/Mar/2024:16:38:37 +0630] "GET /home/text/plain HTTP/1.1" 404 1024
0:0:0:0:0:0:0:1 - - [07/Mar/2024:16:38:39 +0630] "GET /home/text/plain HTTP/1.1" 404 1024
0:0:0:0:0:0:0:1 - - [07/Mar/2024:16:38:40 +0630] "GET /home/text/plain HTTP/1.1" 404 1024
0:0:0:0:0:0:0:1 - - [07/Mar/2024:16:38:41 +0630] "GET /home/text/plain HTTP/1.1" 404 1024
0:0:0:0:0:0:0:1 - - [07/Mar/2024:16:38:50 +0630] "GET /hom HTTP/1.1" 404 1000
0:0:0:0:0:0:0:1 - - [07/Mar/2024:16:39:00 +0630] "GET /home/text/plain HTTP/1.1" 404 1024
0:0:0:0:0:0:0:1 - - [07/Mar/2024:16:39:11 +0630] "GET /home/text/plain HTTP/1.1" 404 1024
127.0.0.1 - - [07/Mar/2024:16:43:26 +0630] "GET / HTTP/1.1" 404 994
0:0:0:0:0:0:0:1 - - [07/Mar/2024:16:43:30 +0630] "GET /home/text/plain HTTP/1.1" 404 1024
0:0:0:0:0:0:0:1 - - [07/Mar/2024:16:43:31 +0630] "GET /home/text/plain HTTP/1.1" 404 1024
0:0:0:0:0:0:0:1 - - [07/Mar/2024:16:43:32 +0630] "GET /home/text/plain HTTP/1.1" 404 1024
0:0:0:0:0:0:0:1 - - [07/Mar/2024:16:43:33 +0630] "GET /home/text/plain HTTP/1.1" 404 1024
0:0:0:0:0:0:0:1 - - [07/Mar/2024:16:43:35 +0630] "GET /home/text/plain HTTP/1.1" 404 1024
0:0:0:0:0:0:0:1 - - [07/Mar/2024:16:43:37 +0630] "GET /home/text/plain HTTP/1.1" 404 1024
127.0.0.1 - - [07/Mar/2024:16:44:00 +0630] "GET / HTTP/1.1" 404 994
0:0:0:0:0:0:0:1 - - [07/Mar/2024:16:44:02 +0630] "GET /home/text/plain HTTP/1.1" 404 1024
0:0:0:0:0:0:0:1 - - [07/Mar/2024:16:44:06 +0630] "GET /home/text/plain HTTP/1.1" 404 1024
0:0:0:0:0:0:0:1 - - [07/Mar/2024:16:44:14 +0630] "GET /home/text/plain HTTP/1.1" 404 1024
0:0:0:0:0:0:0:1 - - [07/Mar/2024:16:44:15 +0630] "GET /home/text/plain HTTP/1.1" 404 1024
0:0:0:0:0:0:0:1 - - [07/Mar/2024:16:44:15 +0630] "GET /home/text/plain HTTP/1.1" 404 1024
0:0:0:0:0:0:0:1 - - [07/Mar/2024:16:44:16 +0630] "GET /home/text/plain HTTP/1.1" 404 1024
0:0:0:0:0:0:0:1 - - [07/Mar/2024:16:44:17 +0630] "GET /home/text/plain HTTP/1.1" 404 1024
0:0:0:0:0:0:0:1 - - [07/Mar/2024:16:44:18 +0630] "GET /home/text/plain HTTP/1.1" 404 1024
127.0.0.1 - - [07/Mar/2024:16:48:29 +0630] "GET / HTTP/1.1" 404 994
0:0:0:0:0:0:0:1 - - [07/Mar/2024:16:48:32 +0630] "GET /home/text/plain HTTP/1.1" 404 1024
0:0:0:0:0:0:0:1 - - [07/Mar/2024:16:48:33 +0630] "GET /home/text/plain HTTP/1.1" 404 1024
0:0:0:0:0:0:0:1 - - [07/Mar/2024:16:48:35 +0630] "GET /home/text/plain HTTP/1.1" 404 1024
0:0:0:0:0:0:0:1 - - [07/Mar/2024:16:49:38 +0630] "GET /home/text/plain HTTP/1.1" 404 1024
0:0:0:0:0:0:0:1 - - [07/Mar/2024:16:50:01 +0630] "GET /home/text/plain HTTP/1.1" 404 1024
127.0.0.1 - - [07/Mar/2024:16:56:52 +0630] "GET / HTTP/1.1" 404 994
0:0:0:0:0:0:0:1 - - [07/Mar/2024:16:56:52 +0630] "GET /storesystem/WEB-INF/classes/com/mit/storesystem/MyResource.java HTTP/1.1" 404 992
0:0:0:0:0:0:0:1 - - [07/Mar/2024:16:56:54 +0630] "GET /storesystem/WEB-INF/classes/com/mit/storesystem/MyResource.java HTTP/1.1" 404 992
127.0.0.1 - - [07/Mar/2024:16:59:26 +0630] "GET / HTTP/1.1" 404 994
0:0:0:0:0:0:0:1 - - [07/Mar/2024:16:59:28 +0630] "GET /storesystem/WEB-INF/classes/com/mit/storesystem/MyResource.java HTTP/1.1" 404 992
0:0:0:0:0:0:0:1 - - [07/Mar/2024:16:59:29 +0630] "GET /storesystem/WEB-INF/classes/com/mit/storesystem/MyResource.java HTTP/1.1" 404 992
0:0:0:0:0:0:0:1 - - [07/Mar/2024:16:59:38 +0630] "GET /home/text/plain HTTP/1.1" 404 1024
0:0:0:0:0:0:0:1 - - [07/Mar/2024:16:59:42 +0630] "GET /home/text/plain HTTP/1.1" 404 1024
0:0:0:0:0:0:0:1 - - [07/Mar/2024:16:59:44 +0630] "GET /home/text/plain HTTP/1.1" 404 1024
0:0:0:0:0:0:0:1 - - [07/Mar/2024:16:59:44 +0630] "GET /home/text/plain HTTP/1.1" 404 1024
127.0.0.1 - - [07/Mar/2024:17:00:04 +0630] "GET / HTTP/1.1" 404 994
0:0:0:0:0:0:0:1 - - [07/Mar/2024:17:00:07 +0630] "GET /home/text/plain HTTP/1.1" 404 1024
0:0:0:0:0:0:0:1 - - [07/Mar/2024:17:00:11 +0630] "GET /home/text/plain HTTP/1.1" 404 1024
127.0.0.1 - - [07/Mar/2024:17:05:00 +0630] "GET / HTTP/1.1" 404 994
0:0:0:0:0:0:0:1 - - [07/Mar/2024:17:05:02 +0630] "GET /home/text/plain HTTP/1.1" 404 1024
0:0:0:0:0:0:0:1 - - [07/Mar/2024:17:05:03 +0630] "GET /home/text/plain HTTP/1.1" 404 1024
0:0:0:0:0:0:0:1 - - [07/Mar/2024:17:05:06 +0630] "GET /home/text/plain HTTP/1.1" 404 1024
0:0:0:0:0:0:0:1 - - [07/Mar/2024:17:05:08 +0630] "GET /home/text/plain HTTP/1.1" 404 1024
0:0:0:0:0:0:0:1 - - [07/Mar/2024:17:05:08 +0630] "GET /home/text/plain HTTP/1.1" 404 1024
0:0:0:0:0:0:0:1 - - [07/Mar/2024:17:05:08 +0630] "GET /home/text/plain HTTP/1.1" 404 1024
0:0:0:0:0:0:0:1 - - [07/Mar/2024:17:05:10 +0630] "GET /home/text/plain HTTP/1.1" 404 1024
127.0.0.1 - - [07/Mar/2024:17:11:42 +0630] "GET / HTTP/1.1" 404 994
0:0:0:0:0:0:0:1 - - [07/Mar/2024:17:11:46 +0630] "GET /home/text/plain HTTP/1.1" 404 1024
0:0:0:0:0:0:0:1 - - [07/Mar/2024:17:11:47 +0630] "GET /home/text/plain HTTP/1.1" 404 1024
0:0:0:0:0:0:0:1 - - [07/Mar/2024:17:11:58 +0630] "GET /home/text/plain HTTP/1.1" 404 1024
0:0:0:0:0:0:0:1 - - [07/Mar/2024:17:12:20 +0630] "GET /home/text/plain HTTP/1.1" 404 1024
0:0:0:0:0:0:0:1 - - [07/Mar/2024:17:12:33 +0630] "GET /home/text/plain HTTP/1.1" 404 1024
127.0.0.1 - - [07/Mar/2024:17:12:59 +0630] "GET / HTTP/1.1" 404 994
0:0:0:0:0:0:0:1 - - [07/Mar/2024:17:13:03 +0630] "GET /home/text/plain HTTP/1.1" 404 1024
127.0.0.1 - - [07/Mar/2024:17:14:27 +0630] "GET / HTTP/1.1" 404 994
0:0:0:0:0:0:0:1 - - [07/Mar/2024:17:14:33 +0630] "GET /home/text/plain HTTP/1.1" 404 1024
0:0:0:0:0:0:0:1 - - [07/Mar/2024:17:15:08 +0630] "GET /home/text/plain HTTP/1.1" 404 1024
0:0:0:0:0:0:0:1 - - [07/Mar/2024:17:16:33 +0630] "GET /storesystem/home/text/plain HTTP/1.1" 404 1048
0:0:0:0:0:0:0:1 - - [07/Mar/2024:17:16:42 +0630] "GET /storesystem/home/text/plain HTTP/1.1" 404 1048
0:0:0:0:0:0:0:1 - - [07/Mar/2024:17:16:54 +0630] "GET /storesystem/home/text/plain HTTP/1.1" 404 1048
0:0:0:0:0:0:0:1 - - [07/Mar/2024:17:17:11 +0630] "GET /storesystem/home/text/plain HTTP/1.1" 404 1048
0:0:0:0:0:0:0:1 - - [07/Mar/2024:17:18:04 +0630] "GET /storesystem/home/text/plain HTTP/1.1" 404 1048
0:0:0:0:0:0:0:1 - - [07/Mar/2024:17:18:08 +0630] "GET /storesystem/home/text/plain HTTP/1.1" 404 1048
127.0.0.1 - - [07/Mar/2024:17:19:05 +0630] "GET / HTTP/1.1" 404 994
127.0.0.1 - - [07/Mar/2024:17:19:37 +0630] "GET / HTTP/1.1" 404 994
0:0:0:0:0:0:0:1 - - [07/Mar/2024:17:19:47 +0630] "GET /storesystem/home/text/plain HTTP/1.1" 404 1048
127.0.0.1 - - [07/Mar/2024:17:20:26 +0630] "GET / HTTP/1.1" 404 994
0:0:0:0:0:0:0:1 - - [07/Mar/2024:17:20:29 +0630] "GET /storesystem/home/text/plain HTTP/1.1" 404 1048
127.0.0.1 - - [07/Mar/2024:17:21:16 +0630] "GET / HTTP/1.1" 404 994
0:0:0:0:0:0:0:1 - - [07/Mar/2024:17:21:19 +0630] "GET /storesystem/home/text/plain HTTP/1.1" 404 1048
0:0:0:0:0:0:0:1 - - [07/Mar/2024:17:21:33 +0630] "GET /storesystem/home/text/plain HTTP/1.1" 404 1048
